---
source: r-lanterm/src/ui/components/./input_tests.rs
expression: terminal.backend()
---
"Test: value                                                                     "
"                                                                                "
"                                                                                "
