---
source: term/src/ui/components/./scrollview_tests.rs
expression: terminal.backend()
---
"is totally awesome, don't you think, I think so                                 "
"                                                                              ║ "
"14: a long line of text that we want to wrap and scroll, it's got lots of     ║ "
"useful info in a small area and loves run-on sentences like this one, which   ║ "
"is totally awesome, don't you think, I think so                               ║ "
"                                                                              ║ "
"15: a long line of text that we want to wrap and scroll, it's got lots of     ║ "
"useful info in a small area and loves run-on sentences like this one, which   ║ "
"is totally awesome, don't you think, I think so                               ║ "
"                                                                              ║ "
"16: a long line of text that we want to wrap and scroll, it's got lots of     ║ "
"useful info in a small area and loves run-on sentences like this one, which   ║ "
"is totally awesome, don't you think, I think so                               ║ "
"                                                                              ║ "
"17: a long line of text that we want to wrap and scroll, it's got lots of     ║ "
"useful info in a small area and loves run-on sentences like this one, which   ║ "
"is totally awesome, don't you think, I think so                               ║ "
"                                                                              ║ "
"18: a long line of text that we want to wrap and scroll, it's got lots of     ║ "
"useful info in a small area and loves run-on sentences like this one, which   ║ "
"is totally awesome, don't you think, I think so                               ║ "
"                                                                              ║ "
"19: a long line of text that we want to wrap and scroll, it's got lots of     ║ "
"useful info in a small area and loves run-on sentences like this one, which   ║ "
"is totally awesome, don't you think, I think so                               ║ "
"                                                                              ║ "
"20: a long line of text that we want to wrap and scroll, it's got lots of     █ "
"useful info in a small area and loves run-on sentences like this one, which   █ "
"is totally awesome, don't you think, I think so                               █ "
"                                                                              █ "
"21: a long line of text that we want to wrap and scroll, it's got lots of     █ "
"useful info in a small area and loves run-on sentences like this one, which   █ "
"is totally awesome, don't you think, I think so                               █ "
"                                                                              █ "
"22: a long line of text that we want to wrap and scroll, it's got lots of     █ "
"useful info in a small area and loves run-on sentences like this one, which   █ "
"is totally awesome, don't you think, I think so                               █ "
"                                                                              █ "
"23: a long line of text that we want to wrap and scroll, it's got lots of     █ "
"useful info in a small area and loves run-on sentences like this one, which   █ "
"is totally awesome, don't you think, I think so                               █ "
"                                                                              █ "
"24: a long line of text that we want to wrap and scroll, it's got lots of     █ "
"useful info in a small area and loves run-on sentences like this one, which   █ "
"is totally awesome, don't you think, I think so                               █ "
"                                                                              █ "
"25: a long line of text that we want to wrap and scroll, it's got lots of     █ "
"useful info in a small area and loves run-on sentences like this one, which   █ "
"is totally awesome, don't you think, I think so                               █ "
"                                                                              █ "
"26: a long line of text that we want to wrap and scroll, it's got lots of     █ "
"useful info in a small area and loves run-on sentences like this one, which   █ "
"is totally awesome, don't you think, I think so                               █ "
"                                                                              █ "
"27: a long line of text that we want to wrap and scroll, it's got lots of     █ "
"useful info in a small area and loves run-on sentences like this one, which   █ "
"is totally awesome, don't you think, I think so                               █ "
"                                                                              █ "
"28: a long line of text that we want to wrap and scroll, it's got lots of     █ "
"useful info in a small area and loves run-on sentences like this one, which   █ "
"is totally awesome, don't you think, I think so                               █ "
"                                                                              █ "
"29: a long line of text that we want to wrap and scroll, it's got lots of     █ "
"useful info in a small area and loves run-on sentences like this one, which   █ "
"is totally awesome, don't you think, I think so                               █ "
"                                                                              █ "
"30: a long line of text that we want to wrap and scroll, it's got lots of     █ "
"useful info in a small area and loves run-on sentences like this one, which   █ "
"is totally awesome, don't you think, I think so                               █ "
"                                                                              █ "
"31: a long line of text that we want to wrap and scroll, it's got lots of     █ "
"useful info in a small area and loves run-on sentences like this one, which   █ "
"is totally awesome, don't you think, I think so                               █ "
"                                                                              █ "
"32: a long line of text that we want to wrap and scroll, it's got lots of     █ "
"useful info in a small area and loves run-on sentences like this one, which   ║ "
"is totally awesome, don't you think, I think so                               ║ "
"                                                                              ║ "
"33: a long line of text that we want to wrap and scroll, it's got lots of     ║ "
"useful info in a small area and loves run-on sentences like this one, which   ║ "
"is totally awesome, don't you think, I think so                               ║ "
"                                                                              ║ "
"34: a long line of text that we want to wrap and scroll, it's got lots of     ║ "
"useful info in a small area and loves run-on sentences like this one, which   ║ "
"is totally awesome, don't you think, I think so                               ║ "
"                                                                              ║ "
"35: a long line of text that we want to wrap and scroll, it's got lots of     ║ "
"useful info in a small area and loves run-on sentences like this one, which   ║ "
"is totally awesome, don't you think, I think so                               ║ "
"                                                                              ║ "
"36: a long line of text that we want to wrap and scroll, it's got lots of     ║ "
"useful info in a small area and loves run-on sentences like this one, which   ║ "
"is totally awesome, don't you think, I think so                               ║ "
"                                                                              ║ "
"37: a long line of text that we want to wrap and scroll, it's got lots of     ║ "
"useful info in a small area and loves run-on sentences like this one, which   ║ "
"is totally awesome, don't you think, I think so                               ║ "
"                                                                              ║ "
"38: a long line of text that we want to wrap and scroll, it's got lots of     ║ "
"useful info in a small area and loves run-on sentences like this one, which     "
