---
source: r-lanterm/src/ui/components/./table_tests.rs
expression: terminal.backend()
---
"Items                                                                           "
"                                                                                "
"Test                                                                            "
"                                                                                "
"                                                                                "
"                                                                                "
"                                                                                "
"                                                                                "
"                                                                                "
"                                                                                "
