---
source: term/src/ui/views/./device_tests.rs
expression: terminal.backend()
---
"SSH Config                                                       Latency: 15ms                                                    "
"                                                                                                                                  "
"User: user                                                                                   ▁█                                   "
"                                                                                          ▅ ▃██                                   "
"Port: 22                                                                                  █▄███                                   "
"                                                                                          █████                                   "
"Identity: /home/user/.ssh/id_rsa                                                                                                  "
"                                                                                                                                  "
"                                                                                                                                  "
"                                                                                                                                  "
"                                                                                                                                  "
"                                                                                                                                  "
"Info                                                             traceroute                                                       "
"                                                                                                                                  "
"Hostname: hostname                                               exit status: 0                                                   "
"                                                                                                                                  "
"IP: 10.10.10.1                                                   stderr:                                                          "
"                                                                                                                                  "
"MAC: 00:00:00:00:00:00                                           stdout: some command output                                      "
"                                                                                                                                  "
"Vendor: mac                                                                                                                       "
"                                                                                                                                  "
"Open Ports: 80:http                                                                                                               "
"                                                                                                                                  "
"                                                                                                                                  "
