---
source: term/src/ui/views/./devices_tests.rs
expression: terminal.backend()
---
"                                                                                                                                              "
" IP                        HOSTNAME                   VENDOR                     MAC                       LATENCY      OPEN PORTS            "
"                                                                                                                                            █ "
" 10.10.10.1 [GTWY]         hostname                   mac                        00:00:00:00:00:00         12ms         80:http             █ "
"                                                                                                                                            █ "
"                                                                                                                                            █ "
" 10.10.10.2 [YOU]          dev2_hostname              linux                      ff:ff:ff:ff:ff:ff         15ms         80:http             █ "
"                                                                                                                                            █ "
"                                                                                                                                            █ "
"                                                                                                                                            █ "
"                                                                                                                                            █ "
"                                                                                                                                            █ "
"                                                                                                                                            ║ "
"                                                                                                                                            ║ "
"                                                                                                                                              "
