---
source: r-lanterm/src/ui/components/footer.rs
expression: terminal.backend()
---
"╔══════════════════════════════════════════════════════════════════════════════╗"
"║                                     Test                                     ║"
"╚══════════════════════════════════════════════════════════════════════════════╝"
