---
source: r-lanterm/src/ui/components/scrollbar.rs
expression: terminal.backend()
---
"                                                                                "
"                                                                              █ "
"                                                                                "
