---
source: r-lanterm/src/ui/components/header.rs
expression: terminal.backend()
---
"Test                                                                            "
"                                                                                "
"                                                                                "
