---
source: term/src/ui/views/./device_tests.rs
expression: terminal.backend()
---
"SSH Config                                                                                                                        "
"                                                                                                                                  "
"User: user                                                                                                                        "
"                                                                                                                                  "
"Port: 22                                                                                                                          "
"                                                                                                                                  "
"Identity: /home/user/.ssh/id_rsa                                                                                                  "
"                                                                                                                                  "
"                                                                                                                                  "
"                                                                                                                                  "
"                                                                                                                                  "
"                                                                                                                                  "
"Info                                                                                                                              "
"                                                                                                                                  "
"                                                                                                                                  "
