---
source: term/src/ui/views/./config_tests.rs
expression: terminal.backend()
---
"Config                                                                                                                            "
"                                                                                                                                  "
"Network: 192.168.1.1/24                                                                                                           "
"                                                                                                                                  "
"Default SSH User: user                                                                                                            "
"                                                                                                                                  "
"Default SSH Port: 22                                                                                                              "
"                                                                                                                                  "
"Default SSH Identity: /home/user/.ssh/id_rsa                                                                                      "
"                                                                                                                                  "
"Theme <->: Blue                                                                                                                   "
"                                                                                                                                  "
"Scanning Ports: 22,80,443,2000-9999,27017                                                                                         "
"                                                                                                                                  "
"                                                                                                                                  "
