---
source: term/src/ui/views/./logs_tests.rs
expression: terminal.backend()
---
"                                                                                                                                  "
"processing action: UpdateMessage(Some("test message 1"))                                                                          "
"                                                                                                                                █ "
"processing action: UpdateMessage(Some("test message 2"))                                                                        █ "
"                                                                                                                                █ "
"                                                                                                                                █ "
"                                                                                                                                █ "
"                                                                                                                                █ "
"                                                                                                                                █ "
"                                                                                                                                █ "
"                                                                                                                                █ "
"                                                                                                                                █ "
"                                                                                                                                █ "
"                                                                                                                                █ "
"                                                                                                                                  "
