---
source: term/src/ui/views/./view_select_tests.rs
expression: terminal.backend()
---
"                                                                                "
"  Devices                                                                     █ "
"                                                                              █ "
"                                                                              █ "
"  Config                                                                      █ "
"                                                                              █ "
"                                                                              █ "
"  Logs                                                                        █ "
"                                                                              █ "
"                                                                              █ "
"                                                                              ║ "
"                                                                              ║ "
"                                                                              ║ "
"                                                                              ║ "
"                                                                                "
