---
source: term/src/ui/components/popover/./simple_tests.rs
expression: terminal.backend()
---
"                         ╔════════════════════════════════════════════════╗                         "
"                         ║                                                ║                         "
"                         ║                                                ║                         "
"                         ║  Test simple popover                           ║                         "
"                         ║                                                ║                         "
"                         ║                                                ║                         "
"                         ║                                                ║                         "
"                         ║                                                ║                         "
"                         ║                                                ║                         "
"                         ║                                                ║                         "
"                         ║                                                ║                         "
"                         ║                                                ║                         "
"                         ║                   test footer                  ║                         "
"                         ║                                                ║                         "
"                         ║                                                ║                         "
"                         ╚════════════════════════════════════════════════╝                         "
"                                                                                                    "
"                                                                                                    "
"                                                                                                    "
"                                                                                                    "
"                                                                                                    "
"                                                                                                    "
"                                                                                                    "
"                                                                                                    "
"                                                                                                    "
"                                                                                                    "
"                                                                                                    "
"                                                                                                    "
"                                                                                                    "
"                                                                                                    "
"                                                                                                    "
"                                                                                                    "
