---
source: term/src/ui/components/popover/./base_tests.rs
expression: terminal.backend()
---
"                         ╔════════════════════════════════════════════════╗                         "
"                         ║                                                ║                         "
"                         ║                                                ║                         "
"                         ║  Test                                          ║                         "
"                         ║                                                ║                         "
"                         ║                                                ║                         "
"                         ║                                                ║                         "
"                         ║                                                ║                         "
"                         ║                                                ║                         "
"                         ║                                                ║                         "
"                         ║                                                ║                         "
"                         ║                                                ║                         "
"                         ║                                                ║                         "
"                         ║                                                ║                         "
"                         ║                                                ║                         "
"                         ╚════════════════════════════════════════════════╝                         "
"                                                                                                    "
"                                                                                                    "
"                                                                                                    "
"                                                                                                    "
"                                                                                                    "
"                                                                                                    "
"                                                                                                    "
"                                                                                                    "
"                                                                                                    "
"                                                                                                    "
"                                                                                                    "
"                                                                                                    "
"                                                                                                    "
"                                                                                                    "
"                                                                                                    "
"                                                                                                    "
