---
source: term/src/ui/components/popover/./browse_tests.rs
expression: terminal.backend()
---
"                         ╔════════════════════════════════════════════════╗                         "
"                         ║                                                ║                         "
"                         ║                                                ║                         "
"                         ║  Enter port to browse                          ║                         "
"                         ║                                                ║                         "
"                         ║  Browser Select <->: lynx                      ║                         "
"                         ║                                                ║                         "
"                         ║                                                ║                         "
"                         ║                                                ║                         "
"                         ║  Port: 80                                      ║                         "
"                         ║                                                ║                         "
"                         ║                                                ║                         "
"                         ║  Press enter to open browser or esc to cancel  ║                         "
"                         ║                                                ║                         "
"                         ║                                                ║                         "
"                         ╚════════════════════════════════════════════════╝                         "
"                                                                                                    "
"                                                                                                    "
"                                                                                                    "
"                                                                                                    "
"                                                                                                    "
"                                                                                                    "
"                                                                                                    "
"                                                                                                    "
"                                                                                                    "
"                                                                                                    "
"                                                                                                    "
"                                                                                                    "
"                                                                                                    "
"                                                                                                    "
"                                                                                                    "
"                                                                                                    "
