---
source: term/src/ui/./app_tests.rs
expression: terminal.backend()
---
"                                                                                                                                                      "
" Network: 192.168.1.1/24                                            ▖     ▄▖                                                                          "
"                                                                    ▌ ▀▌▛▌▚ ▛▘▀▌▛▌                                                                    "
"                                                                    ▙▖█▌▌▌▄▌▙▖█▌▌▌                                                                    "
"  Devices     Config      Logs                                                                                                                        "
"┌────────────────────────────────────────────────────────────────────────────────────────────────────────────────────────────────────────────────────┐"
"│                                                                                                                                                    │"
"│   IP                        HOSTNAME                    VENDOR                      MAC                       LATENCY      OPEN PORTS              │"
"│                                                                                                                                                █   │"
"│   10.10.10.1                hostname                    mac                         00:00:00:00:00:00         19ms         80:http             ║   │"
"│                                                                                                                                                    │"
"└────────────────────────────────────────────────────────────────────────────────────────────────────────────────────────────────────────────────────┘"
"╔════════════════════════════════════════════════════════════════════════════════════════════════════════════════════════════════════════════════════╗"
"║                                       (ctrl-c) quit | (f) next tab | (d) previous tab | (enter) manage device                                      ║"
"╚════════════════════════════════════════════════════════════════════════════════════════════════════════════════════════════════════════════════════╝"
