---
source: r-lanterm/src/ui/components/./tests/footer_tests.rs
expression: terminal.backend()
---
"╔══════════════════════════════════════════════════════════════════════════════╗"
"║                                     Test                                     ║"
"╚══════════════════════════════════════════════════════════════════════════════╝"
